Flow report for Lab1Demo
Tue Sep 22 12:23:54 2026
Quartus Prime Version 17.0.0 Build 595 04/25/2017 SJ Lite Edition


---------------------
; Table of Contents ;
---------------------
  1. Legal Notice
  2. Flow Summary
  3. Flow Settings
  4. Flow Non-Default Global Settings
  5. Flow Elapsed Time
  6. Flow OS Summary
  7. Flow Log
  8. Flow Messages
  9. Flow Suppressed Messages



----------------
; Legal Notice ;
----------------
Copyright (C) 2017  Intel Corporation. All rights reserved.
Your use of Intel Corporation's design tools, logic functions 
and other software and tools, and its AMPP partner logic 
functions, and any output files from any of the foregoing 
(including device programming or simulation files), and any 
associated documentation or information are expressly subject 
to the terms and conditions of the Intel Program License 
Subscription Agreement, the Intel Quartus Prime License Agreement,
the Intel MegaCore Function License Agreement, or other 
applicable license agreement, including, without limitation, 
that your use is for the sole purpose of programming logic 
devices manufactured by Intel and sold by Intel or its 
authorized distributors.  Please refer to the applicable 
agreement for further details.



+-------------------------------------------------------------------------------+
; Flow Summary                                                                  ;
+---------------------------------+---------------------------------------------+
; Flow Status                     ; Successful - Tue Sep 22 12:23:48 2026       ;
; Quartus Prime Version           ; 17.0.0 Build 595 04/25/2017 SJ Lite Edition ;
; Revision Name                   ; Lab1Demo                                    ;
; Top-level Entity Name           ; TOP_VGA_DEMO                                ;
; Family                          ; Cyclone V                                   ;
; Device                          ; 5CSXFC6D6F31C6                              ;
; Timing Models                   ; Final                                       ;
; Logic utilization (in ALMs)     ; 714 / 41,910 ( 2 % )                        ;
; Total registers                 ; 544                                         ;
; Total pins                      ; 94 / 499 ( 19 % )                           ;
; Total virtual pins              ; 0                                           ;
; Total block memory bits         ; 2,564,096 / 5,662,720 ( 45 % )              ;
; Total DSP Blocks                ; 0 / 112 ( 0 % )                             ;
; Total HSSI RX PCSs              ; 0 / 9 ( 0 % )                               ;
; Total HSSI PMA RX Deserializers ; 0 / 9 ( 0 % )                               ;
; Total HSSI TX PCSs              ; 0 / 9 ( 0 % )                               ;
; Total HSSI PMA TX Serializers   ; 0 / 9 ( 0 % )                               ;
; Total PLLs                      ; 1 / 15 ( 7 % )                              ;
; Total DLLs                      ; 0 / 4 ( 0 % )                               ;
+---------------------------------+---------------------------------------------+


+-----------------------------------------+
; Flow Settings                           ;
+-------------------+---------------------+
; Option            ; Setting             ;
+-------------------+---------------------+
; Start date & time ; 09/22/2026 12:22:15 ;
; Main task         ; Compilation         ;
; Revision Name     ; Lab1Demo            ;
+-------------------+---------------------+


+--------------------------------------------------------------------------------------------------------------------------+
; Flow Non-Default Global Settings                                                                                         ;
+-------------------------------------+----------------------------------------+---------------+--------------+------------+
; Assignment Name                     ; Value                                  ; Default Value ; Entity Name  ; Section Id ;
+-------------------------------------+----------------------------------------+---------------+--------------+------------+
; COMPILER_SIGNATURE_ID               ; 150284625990134.179006893414116        ; --            ; --           ; --         ;
; FITTER_EFFORT                       ; Fast Fit                               ; Auto Fit      ; --           ; --         ;
; MESSAGE_DISABLE                     ; 292013                                 ; --            ; --           ; --         ;
; MESSAGE_DISABLE                     ; 12240                                  ; --            ; --           ; --         ;
; MISC_FILE                           ; CLK_31P5.cmp                           ; --            ; --           ; --         ;
; MISC_FILE                           ; CLK_31P5_sim/CLK_31P5.vo               ; --            ; --           ; --         ;
; NUM_PARALLEL_PROCESSORS             ; All                                    ; --            ; --           ; --         ;
; OPTIMIZE_HOLD_TIMING                ; Off                                    ; All Paths     ; --           ; --         ;
; PARTITION_COLOR                     ; -- (Not supported for targeted family) ; --            ; TOP_VGA_DEMO ; Top        ;
; PARTITION_FITTER_PRESERVATION_LEVEL ; -- (Not supported for targeted family) ; --            ; TOP_VGA_DEMO ; Top        ;
; PARTITION_NETLIST_TYPE              ; -- (Not supported for targeted family) ; --            ; TOP_VGA_DEMO ; Top        ;
; PHYSICAL_SYNTHESIS_EFFORT           ; Fast                                   ; Normal        ; --           ; --         ;
; PROJECT_OUTPUT_DIRECTORY            ; output_files                           ; --            ; --           ; --         ;
; SMART_RECOMPILE                     ; On                                     ; Off           ; --           ; --         ;
; SPD_FILE                            ; CLK_31P5.spd                           ; --            ; --           ; --         ;
; SYNTHESIS_ONLY_QIP                  ; On                                     ; --            ; --           ; --         ;
; TOP_LEVEL_ENTITY                    ; TOP_VGA_DEMO                           ; Lab1Demo      ; --           ; --         ;
+-------------------------------------+----------------------------------------+---------------+--------------+------------+


+-------------------------------------------------------------------------------------------------------------------------------+
; Flow Elapsed Time                                                                                                             ;
+---------------------------+--------------+-------------------------+---------------------+------------------------------------+
; Module Name               ; Elapsed Time ; Average Processors Used ; Peak Virtual Memory ; Total CPU Time (on all processors) ;
+---------------------------+--------------+-------------------------+---------------------+------------------------------------+
; Analysis & Synthesis      ; 00:00:11     ; 1.0                     ; 4971 MB             ; 00:00:13                           ;
; Fitter                    ; 00:01:16     ; 1.1                     ; 7982 MB             ; 00:10:16                           ;
; Assembler                 ; 00:00:05     ; 1.0                     ; 4885 MB             ; 00:00:05                           ;
; TimeQuest Timing Analyzer ; 00:00:05     ; 2.8                     ; 5380 MB             ; 00:00:10                           ;
; Total                     ; 00:01:37     ; --                      ; --                  ; 00:10:44                           ;
+---------------------------+--------------+-------------------------+---------------------+------------------------------------+


+-----------------------------------------------------------------------------------------+
; Flow OS Summary                                                                         ;
+---------------------------+------------------+------------+------------+----------------+
; Module Name               ; Machine Hostname ; OS Name    ; OS Version ; Processor type ;
+---------------------------+------------------+------------+------------+----------------+
; Analysis & Synthesis      ; ece-206-c3       ; Windows 10 ; 10.0       ; x86_64         ;
; Fitter                    ; ece-206-c3       ; Windows 10 ; 10.0       ; x86_64         ;
; Assembler                 ; ece-206-c3       ; Windows 10 ; 10.0       ; x86_64         ;
; TimeQuest Timing Analyzer ; ece-206-c3       ; Windows 10 ; 10.0       ; x86_64         ;
+---------------------------+------------------+------------+------------+----------------+


------------
; Flow Log ;
------------
quartus_map --read_settings_files=on --write_settings_files=off Lab1Demo -c Lab1Demo
quartus_fit --read_settings_files=off --write_settings_files=off Lab1Demo -c Lab1Demo
quartus_asm --read_settings_files=off --write_settings_files=off Lab1Demo -c Lab1Demo
quartus_sta Lab1Demo -c Lab1Demo



