Flow report for SV2
Sun Sep 06 23:49:55 2026
Quartus Prime Version 17.0.0 Build 595 04/25/2017 SJ Lite Edition


---------------------
; Table of Contents ;
---------------------
  1. Legal Notice
  2. Flow Summary
  3. Flow Settings
  4. Flow Non-Default Global Settings
  5. Flow Elapsed Time
  6. Flow OS Summary
  7. Flow Log
  8. Flow Messages
  9. Flow Suppressed Messages



----------------
; Legal Notice ;
----------------
Copyright (C) 2017  Intel Corporation. All rights reserved.
Your use of Intel Corporation's design tools, logic functions 
and other software and tools, and its AMPP partner logic 
functions, and any output files from any of the foregoing 
(including device programming or simulation files), and any 
associated documentation or information are expressly subject 
to the terms and conditions of the Intel Program License 
Subscription Agreement, the Intel Quartus Prime License Agreement,
the Intel MegaCore Function License Agreement, or other 
applicable license agreement, including, without limitation, 
that your use is for the sole purpose of programming logic 
devices manufactured by Intel and sold by Intel or its 
authorized distributors.  Please refer to the applicable 
agreement for further details.



+-------------------------------------------------------------------------------+
; Flow Summary                                                                  ;
+---------------------------------+---------------------------------------------+
; Flow Status                     ; Successful - Sun Sep 06 23:49:55 2026       ;
; Quartus Prime Version           ; 17.0.0 Build 595 04/25/2017 SJ Lite Edition ;
; Revision Name                   ; SV2                                         ;
; Top-level Entity Name           ; uWave                                       ;
; Family                          ; Cyclone V                                   ;
; Device                          ; 5CSXFC6D6F31C6                              ;
; Timing Models                   ; Final                                       ;
; Logic utilization (in ALMs)     ; N/A                                         ;
; Total registers                 ; 9                                           ;
; Total pins                      ; 9                                           ;
; Total virtual pins              ; 0                                           ;
; Total block memory bits         ; 0                                           ;
; Total DSP Blocks                ; 0                                           ;
; Total HSSI RX PCSs              ; 0                                           ;
; Total HSSI PMA RX Deserializers ; 0                                           ;
; Total HSSI TX PCSs              ; 0                                           ;
; Total HSSI PMA TX Serializers   ; 0                                           ;
; Total PLLs                      ; 0                                           ;
; Total DLLs                      ; 0                                           ;
+---------------------------------+---------------------------------------------+


+-----------------------------------------+
; Flow Settings                           ;
+-------------------+---------------------+
; Option            ; Setting             ;
+-------------------+---------------------+
; Start date & time ; 09/06/2026 23:34:56 ;
; Main task         ; Compilation         ;
; Revision Name     ; SV2                 ;
+-------------------+---------------------+


+-------------------------------------------------------------------------------------------------------------------------+
; Flow Non-Default Global Settings                                                                                        ;
+-------------------------------------+----------------------------------------+---------------+-------------+------------+
; Assignment Name                     ; Value                                  ; Default Value ; Entity Name ; Section Id ;
+-------------------------------------+----------------------------------------+---------------+-------------+------------+
; COMPILER_SIGNATURE_ID               ; 91755274478.178872689523040            ; --            ; --          ; --         ;
; MAX_CORE_JUNCTION_TEMP              ; 85                                     ; --            ; --          ; --         ;
; MESSAGE_DISABLE                     ; 292013                                 ; --            ; --          ; --         ;
; MESSAGE_DISABLE                     ; 15714                                  ; --            ; --          ; --         ;
; MESSAGE_DISABLE                     ; 332068                                 ; --            ; --          ; --         ;
; MESSAGE_DISABLE                     ; 15705                                  ; --            ; --          ; --         ;
; MESSAGE_DISABLE                     ; 171167                                 ; --            ; --          ; --         ;
; MESSAGE_DISABLE                     ; 332148                                 ; --            ; --          ; --         ;
; MIN_CORE_JUNCTION_TEMP              ; 0                                      ; --            ; --          ; --         ;
; NUM_PARALLEL_PROCESSORS             ; All                                    ; --            ; --          ; --         ;
; PARTITION_COLOR                     ; -- (Not supported for targeted family) ; --            ; uWave       ; Top        ;
; PARTITION_FITTER_PRESERVATION_LEVEL ; -- (Not supported for targeted family) ; --            ; uWave       ; Top        ;
; PARTITION_NETLIST_TYPE              ; -- (Not supported for targeted family) ; --            ; uWave       ; Top        ;
; POWER_BOARD_THERMAL_MODEL           ; None (CONSERVATIVE)                    ; --            ; --          ; --         ;
; POWER_PRESET_COOLING_SOLUTION       ; 23 MM HEAT SINK WITH 200 LFPM AIRFLOW  ; --            ; --          ; --         ;
; PROJECT_OUTPUT_DIRECTORY            ; output_files                           ; --            ; --          ; --         ;
; TOP_LEVEL_ENTITY                    ; uWave                                  ; SV2           ; --          ; --         ;
+-------------------------------------+----------------------------------------+---------------+-------------+------------+


+--------------------------------------------------------------------------------------------------------------------------+
; Flow Elapsed Time                                                                                                        ;
+----------------------+--------------+-------------------------+---------------------+------------------------------------+
; Module Name          ; Elapsed Time ; Average Processors Used ; Peak Virtual Memory ; Total CPU Time (on all processors) ;
+----------------------+--------------+-------------------------+---------------------+------------------------------------+
; Analysis & Synthesis ; 00:00:22     ; 1.0                     ; 4830 MB             ; 00:00:46                           ;
; EDA Netlist Writer   ; 00:00:01     ; 1.0                     ; 4712 MB             ; 00:00:01                           ;
; EDA Netlist Writer   ; 00:00:01     ; 1.0                     ; 4714 MB             ; 00:00:01                           ;
; EDA Netlist Writer   ; 00:00:01     ; 1.0                     ; 4717 MB             ; 00:00:01                           ;
; EDA Netlist Writer   ; 00:00:01     ; 1.0                     ; 4714 MB             ; 00:00:01                           ;
; EDA Netlist Writer   ; 00:00:01     ; 1.0                     ; 4717 MB             ; 00:00:01                           ;
; EDA Netlist Writer   ; 00:00:01     ; 1.0                     ; 4714 MB             ; 00:00:01                           ;
; EDA Netlist Writer   ; 00:00:01     ; 1.0                     ; 4717 MB             ; 00:00:01                           ;
; Total                ; 00:00:29     ; --                      ; --                  ; 00:00:53                           ;
+----------------------+--------------+-------------------------+---------------------+------------------------------------+


+------------------------------------------------------------------------------------+
; Flow OS Summary                                                                    ;
+----------------------+------------------+------------+------------+----------------+
; Module Name          ; Machine Hostname ; OS Name    ; OS Version ; Processor type ;
+----------------------+------------------+------------+------------+----------------+
; Analysis & Synthesis ; Raaed-Laptop     ; Windows 10 ; 10.0       ; x86_64         ;
; EDA Netlist Writer   ; Raaed-Laptop     ; Windows 10 ; 10.0       ; x86_64         ;
; EDA Netlist Writer   ; Raaed-Laptop     ; Windows 10 ; 10.0       ; x86_64         ;
; EDA Netlist Writer   ; Raaed-Laptop     ; Windows 10 ; 10.0       ; x86_64         ;
; EDA Netlist Writer   ; Raaed-Laptop     ; Windows 10 ; 10.0       ; x86_64         ;
; EDA Netlist Writer   ; Raaed-Laptop     ; Windows 10 ; 10.0       ; x86_64         ;
; EDA Netlist Writer   ; Raaed-Laptop     ; Windows 10 ; 10.0       ; x86_64         ;
; EDA Netlist Writer   ; Raaed-Laptop     ; Windows 10 ; 10.0       ; x86_64         ;
+----------------------+------------------+------------+------------+----------------+


------------
; Flow Log ;
------------
quartus_map --read_settings_files=on --write_settings_files=off SV2 -c SV2
quartus_eda --gen_testbench --tool=modelsim_oem --format=verilog --write_settings_files=off SV2 -c SV2 --vector_source=C:/TechnionModelSim/ECELab1/SV2/SV2uW_6_9_26restored/Waveform.vwf --testbench_file=C:/TechnionModelSim/ECELab1/SV2/SV2uW_6_9_26restored/simulation/qsim/Waveform.vwf.vt
quartus_eda --gen_testbench --tool=modelsim_oem --format=verilog --write_settings_files=off SV2 -c SV2 --vector_source=C:/TechnionModelSim/ECELab1/SV2/SV2uW_6_9_26restored/WaveformMicroWave.vwf --testbench_file=C:/TechnionModelSim/ECELab1/SV2/SV2uW_6_9_26restored/simulation/qsim/WaveformMicroWave.vwf.vt
quartus_eda --write_settings_files=off --simulation=on --functional=on --flatten_buses=off --tool=modelsim_oem --format=verilog --output_directory=C:/TechnionModelSim/ECELab1/SV2/SV2uW_6_9_26restored/simulation/qsim/ SV2 -c SV2
quartus_eda --gen_testbench --tool=modelsim_oem --format=verilog --write_settings_files=off SV2 -c SV2 --vector_source=C:/TechnionModelSim/ECELab1/SV2/SV2uW_6_9_26restored/WaveformMicroWave.vwf --testbench_file=C:/TechnionModelSim/ECELab1/SV2/SV2uW_6_9_26restored/simulation/qsim/WaveformMicroWave.vwf.vt
quartus_eda --write_settings_files=off --simulation=on --functional=on --flatten_buses=off --tool=modelsim_oem --format=verilog --output_directory=C:/TechnionModelSim/ECELab1/SV2/SV2uW_6_9_26restored/simulation/qsim/ SV2 -c SV2
quartus_eda --gen_testbench --tool=modelsim_oem --format=verilog --write_settings_files=off SV2 -c SV2 --vector_source=C:/TechnionModelSim/ECELab1/SV2/SV2uW_6_9_26restored/WaveformMicroWave.vwf --testbench_file=C:/TechnionModelSim/ECELab1/SV2/SV2uW_6_9_26restored/simulation/qsim/WaveformMicroWave.vwf.vt
quartus_eda --write_settings_files=off --simulation=on --functional=on --flatten_buses=off --tool=modelsim_oem --format=verilog --output_directory=C:/TechnionModelSim/ECELab1/SV2/SV2uW_6_9_26restored/simulation/qsim/ SV2 -c SV2



